2025-12-11 16:08:35 - disfraz_model - INFO - Disfraz creado: ejemplo (diseny0008)
2025-12-11 16:08:35 - disfraz_model - INFO - Disfraz creado: SPIDERMAN CLASICO (DISNEY0000)
2025-12-11 16:08:35 - disfraz_model - INFO - Disfraz creado: TRAJE BETTY BOOP (DISNEY0004)
2025-12-11 16:08:35 - disfraz_model - INFO - Disfraz creado: TRAJE SUPER-MAN (DISNEY0001)
2025-12-11 16:08:35 - disfraz_model - INFO - Disfraz creado: TRAJE WOODY (DISNEY0003)
2025-12-11 16:18:10 - disfraz_model - INFO - Disfraz creado: ejemplo (diseny0008)
2025-12-11 16:18:10 - disfraz_model - INFO - Disfraz creado: SPIDERMAN CLASICO (DISNEY0000)
2025-12-11 16:18:10 - disfraz_model - INFO - Disfraz creado: TRAJE BETTY BOOP (DISNEY0004)
2025-12-11 16:18:10 - disfraz_model - INFO - Disfraz creado: TRAJE SUPER-MAN (DISNEY0001)
2025-12-11 16:18:10 - disfraz_model - INFO - Disfraz creado: TRAJE WOODY (DISNEY0003)
2025-12-11 16:24:28 - disfraz_model - INFO - Disfraz creado: ejemplo (diseny0008)
2025-12-11 16:24:28 - disfraz_model - INFO - Disfraz creado: SPIDERMAN CLASICO (DISNEY0000)
2025-12-11 16:24:28 - disfraz_model - INFO - Disfraz creado: TRAJE BETTY BOOP (DISNEY0004)
2025-12-11 16:24:28 - disfraz_model - INFO - Disfraz creado: TRAJE SUPER-MAN (DISNEY0001)
2025-12-11 16:24:28 - disfraz_model - INFO - Disfraz creado: TRAJE WOODY (DISNEY0003)
2025-12-11 16:33:25 - disfraz_model - INFO - Disfraz creado: ejemplo (diseny0008)
2025-12-11 16:33:25 - disfraz_model - INFO - Disfraz creado: SPIDERMAN CLASICO (DISNEY0000)
2025-12-11 16:33:25 - disfraz_model - INFO - Disfraz creado: TRAJE BETTY BOOP (DISNEY0004)
2025-12-11 16:33:25 - disfraz_model - INFO - Disfraz creado: TRAJE SUPER-MAN (DISNEY0001)
2025-12-11 16:33:25 - disfraz_model - INFO - Disfraz creado: TRAJE WOODY (DISNEY0003)
2025-12-11 16:38:02 - disfraz_model - INFO - Disfraz creado: ejemplo (diseny0008)
2025-12-11 16:38:02 - disfraz_model - INFO - Disfraz creado: SPIDERMAN CLASICO (DISNEY0000)
2025-12-11 16:38:02 - disfraz_model - INFO - Disfraz creado: TRAJE BETTY BOOP (DISNEY0004)
2025-12-11 16:38:02 - disfraz_model - INFO - Disfraz creado: TRAJE SUPER-MAN (DISNEY0001)
2025-12-11 16:38:02 - disfraz_model - INFO - Disfraz creado: TRAJE WOODY (DISNEY0003)
2025-12-11 16:43:40 - disfraz_model - INFO - Disfraz creado: ejemplo (diseny0008)
2025-12-11 16:43:40 - disfraz_model - INFO - Disfraz creado: SPIDERMAN CLASICO (DISNEY0000)
2025-12-11 16:43:40 - disfraz_model - INFO - Disfraz creado: TRAJE BETTY BOOP (DISNEY0004)
2025-12-11 16:43:40 - disfraz_model - INFO - Disfraz creado: TRAJE SUPER-MAN (DISNEY0001)
2025-12-11 16:43:40 - disfraz_model - INFO - Disfraz creado: TRAJE WOODY (DISNEY0003)
2025-12-11 16:44:11 - disfraz_model - INFO - Disfraz creado: SPIDERMAN CLASICO (DISNEY0000)
2025-12-11 17:22:09 - disfraz_model - INFO - Disfraz creado: ejemplo (diseny0008)
2025-12-11 17:22:09 - disfraz_model - INFO - Disfraz creado: SPIDERMAN CLASICO (DISNEY0000)
2025-12-11 17:22:09 - disfraz_model - INFO - Disfraz creado: TRAJE BETTY BOOP (DISNEY0004)
2025-12-11 17:22:09 - disfraz_model - INFO - Disfraz creado: TRAJE SUPER-MAN (DISNEY0001)
2025-12-11 17:22:09 - disfraz_model - INFO - Disfraz creado: TRAJE WOODY (DISNEY0003)
2025-12-11 17:22:26 - disfraz_model - INFO - Disfraz creado: SPIDERMAN CLASICO (DISNEY0000)
2025-12-11 17:30:51 - disfraz_model - INFO - Disfraz creado: ejemplo (diseny0008)
2025-12-11 17:30:51 - disfraz_model - INFO - Disfraz creado: SPIDERMAN CLASICO (DISNEY0000)
2025-12-11 17:30:51 - disfraz_model - INFO - Disfraz creado: TRAJE BETTY BOOP (DISNEY0004)
2025-12-11 17:30:51 - disfraz_model - INFO - Disfraz creado: TRAJE SUPER-MAN (DISNEY0001)
2025-12-11 17:30:51 - disfraz_model - INFO - Disfraz creado: TRAJE WOODY (DISNEY0003)
2025-12-11 17:31:31 - disfraz_model - INFO - Disfraz creado: TRAJE WOODY (DISNEY0003)
2025-12-11 17:31:31 - disfraz_model - INFO - Disfraz creado: TRAJE WOODY (DISNEY0003)
2025-12-11 18:26:38 - disfraz_model - INFO - Disfraz creado: ejemplo (diseny0008)
2025-12-11 18:26:38 - disfraz_model - INFO - Disfraz creado: SPIDERMAN CLASICO (DISNEY0000)
2025-12-11 18:26:38 - disfraz_model - INFO - Disfraz creado: TRAJE BETTY BOOP (DISNEY0004)
2025-12-11 18:26:38 - disfraz_model - INFO - Disfraz creado: TRAJE SUPER-MAN (DISNEY0001)
2025-12-11 18:26:38 - disfraz_model - INFO - Disfraz creado: TRAJE WOODY (DISNEY0003)
2025-12-11 18:26:58 - disfraz_model - INFO - Disfraz creado: ejemplo (diseny0008)
2025-12-11 18:26:58 - disfraz_model - INFO - Disfraz creado: SPIDERMAN CLASICO (DISNEY0000)
2025-12-11 18:26:58 - disfraz_model - INFO - Disfraz creado: ejemplo (diseny0008)
2025-12-11 18:26:58 - disfraz_model - INFO - Disfraz creado: SPIDERMAN CLASICO (DISNEY0000)
2025-12-11 18:27:05 - disfraz_model - INFO - Disfraz creado: ejemplo (diseny0008)
2025-12-11 18:27:05 - disfraz_model - INFO - Disfraz creado: SPIDERMAN CLASICO (DISNEY0000)
2025-12-11 18:27:05 - disfraz_model - INFO - Disfraz creado: TRAJE BETTY BOOP (DISNEY0004)
2025-12-11 18:27:05 - disfraz_model - INFO - Disfraz creado: TRAJE SUPER-MAN (DISNEY0001)
2025-12-11 18:27:05 - disfraz_model - INFO - Disfraz creado: TRAJE WOODY (DISNEY0003)
2025-12-11 18:27:16 - disfraz_model - INFO - Disfraz creado: TRAJE SUPER-MAN (DISNEY0001)
2025-12-11 18:27:16 - disfraz_model - INFO - Disfraz creado: TRAJE BETTY BOOP (DISNEY0004)
2025-12-11 18:27:16 - disfraz_model - INFO - Disfraz creado: TRAJE SUPER-MAN (DISNEY0001)
2025-12-11 18:27:16 - disfraz_model - INFO - Disfraz creado: TRAJE BETTY BOOP (DISNEY0004)
2025-12-11 20:09:25 - disfraz_model - INFO - Disfraz creado: ejemplo (diseny0008)
2025-12-11 20:09:25 - disfraz_model - INFO - Disfraz creado: SPIDERMAN CLASICO (DISNEY0000)
2025-12-11 20:09:25 - disfraz_model - INFO - Disfraz creado: TRAJE BETTY BOOP (DISNEY0004)
2025-12-11 20:09:25 - disfraz_model - INFO - Disfraz creado: TRAJE SUPER-MAN (DISNEY0001)
2025-12-11 20:09:25 - disfraz_model - INFO - Disfraz creado: TRAJE WOODY (DISNEY0003)
2025-12-11 20:09:25 - disfraz_model - INFO - Disfraz creado: ejemplo (diseny0008)
2025-12-11 20:09:25 - disfraz_model - INFO - Disfraz creado: TRAJE BETTY BOOP (DISNEY0004)
2025-12-11 20:09:25 - disfraz_model - INFO - Disfraz creado: TRAJE SUPER-MAN (DISNEY0001)
2025-12-11 20:09:25 - disfraz_model - INFO - Disfraz creado: TRAJE WOODY (DISNEY0003)
2025-12-11 20:09:29 - disfraz_model - INFO - Disfraz creado: ejemplo (diseny0008)
2025-12-11 20:09:29 - disfraz_model - INFO - Disfraz creado: SPIDERMAN CLASICO (DISNEY0000)
2025-12-11 20:09:29 - disfraz_model - INFO - Disfraz creado: TRAJE BETTY BOOP (DISNEY0004)
2025-12-11 20:09:29 - disfraz_model - INFO - Disfraz creado: TRAJE SUPER-MAN (DISNEY0001)
2025-12-11 20:09:29 - disfraz_model - INFO - Disfraz creado: TRAJE WOODY (DISNEY0003)
2025-12-11 20:09:29 - disfraz_model - INFO - Disfraz creado: ejemplo (diseny0008)
2025-12-11 20:09:29 - disfraz_model - INFO - Disfraz creado: TRAJE BETTY BOOP (DISNEY0004)
2025-12-11 20:09:29 - disfraz_model - INFO - Disfraz creado: TRAJE SUPER-MAN (DISNEY0001)
2025-12-11 20:09:29 - disfraz_model - INFO - Disfraz creado: TRAJE WOODY (DISNEY0003)
2025-12-11 20:12:29 - disfraz_model - INFO - Disfraz creado: ejemplo (diseny0008)
2025-12-11 20:12:29 - disfraz_model - INFO - Disfraz creado: SPIDERMAN CLASICO (DISNEY0000)
2025-12-11 20:12:29 - disfraz_model - INFO - Disfraz creado: TRAJE BETTY BOOP (DISNEY0004)
2025-12-11 20:12:29 - disfraz_model - INFO - Disfraz creado: TRAJE SUPER-MAN (DISNEY0001)
2025-12-11 20:12:29 - disfraz_model - INFO - Disfraz creado: TRAJE WOODY (DISNEY0003)
2025-12-11 20:12:29 - disfraz_model - INFO - Disfraz creado: ejemplo (diseny0008)
2025-12-11 20:12:29 - disfraz_model - INFO - Disfraz creado: TRAJE BETTY BOOP (DISNEY0004)
2025-12-11 20:12:29 - disfraz_model - INFO - Disfraz creado: TRAJE SUPER-MAN (DISNEY0001)
2025-12-11 20:12:29 - disfraz_model - INFO - Disfraz creado: TRAJE WOODY (DISNEY0003)
2025-12-11 20:12:34 - disfraz_model - INFO - Disfraz creado: ejemplo (diseny0008)
2025-12-11 20:12:34 - disfraz_model - INFO - Disfraz creado: SPIDERMAN CLASICO (DISNEY0000)
2025-12-11 20:12:34 - disfraz_model - INFO - Disfraz creado: TRAJE BETTY BOOP (DISNEY0004)
2025-12-11 20:12:34 - disfraz_model - INFO - Disfraz creado: TRAJE SUPER-MAN (DISNEY0001)
2025-12-11 20:12:34 - disfraz_model - INFO - Disfraz creado: TRAJE WOODY (DISNEY0003)
2025-12-11 20:13:27 - disfraz_model - INFO - Disfraz creado: ejemplo (diseny0008)
2025-12-11 20:13:27 - disfraz_model - INFO - Disfraz creado: SPIDERMAN CLASICO (DISNEY0000)
2025-12-11 20:13:27 - disfraz_model - INFO - Disfraz creado: TRAJE BETTY BOOP (DISNEY0004)
2025-12-11 20:13:27 - disfraz_model - INFO - Disfraz creado: TRAJE SUPER-MAN (DISNEY0001)
2025-12-11 20:13:27 - disfraz_model - INFO - Disfraz creado: TRAJE WOODY (DISNEY0003)
2025-12-11 20:13:27 - disfraz_model - INFO - Disfraz creado: ejemplo (diseny0008)
2025-12-11 20:13:27 - disfraz_model - INFO - Disfraz creado: TRAJE BETTY BOOP (DISNEY0004)
2025-12-11 20:13:27 - disfraz_model - INFO - Disfraz creado: TRAJE SUPER-MAN (DISNEY0001)
2025-12-11 20:13:27 - disfraz_model - INFO - Disfraz creado: TRAJE WOODY (DISNEY0003)
2025-12-11 20:13:51 - disfraz_model - INFO - Disfraz creado: ejemplo (diseny0008)
2025-12-11 20:13:51 - disfraz_model - INFO - Disfraz creado: SPIDERMAN CLASICO (DISNEY0000)
2025-12-11 20:13:51 - disfraz_model - INFO - Disfraz creado: TRAJE BETTY BOOP (DISNEY0004)
2025-12-11 20:13:51 - disfraz_model - INFO - Disfraz creado: TRAJE SUPER-MAN (DISNEY0001)
2025-12-11 20:13:51 - disfraz_model - INFO - Disfraz creado: TRAJE WOODY (DISNEY0003)
2025-12-11 20:14:30 - disfraz_model - INFO - Disfraz creado: TRAJE BETTY BOOP (DISNEY0004)
2025-12-11 20:14:30 - disfraz_model - INFO - Disfraz creado: TRAJE BETTY BOOP (DISNEY0004)
2025-12-11 20:14:30 - disfraz_model - INFO - Disfraz creado: TRAJE BETTY BOOP (DISNEY0004)
2025-12-11 20:14:30 - disfraz_model - INFO - Disfraz creado: TRAJE BETTY BOOP (DISNEY0004)
2025-12-11 20:14:30 - disfraz_model - INFO - Disfraz creado: TRAJE BETTY BOOP (DISNEY0004)
2025-12-11 20:14:30 - disfraz_model - INFO - Disfraz creado: TRAJE BETTY BOOP (DISNEY0004)
