2025-12-11 16:08:30 - usuario_model - INFO - Usuario creado: admin (Administrador Sistema)
2025-12-11 16:18:07 - usuario_model - INFO - Usuario creado: admin (Administrador Sistema)
2025-12-11 16:24:24 - usuario_model - INFO - Usuario creado: admin (Administrador Sistema)
2025-12-11 16:33:21 - usuario_model - INFO - Usuario creado: admin (Administrador Sistema)
2025-12-11 16:37:58 - usuario_model - INFO - Usuario creado: admin (Administrador Sistema)
2025-12-11 16:43:36 - usuario_model - INFO - Usuario creado: admin (Administrador Sistema)
2025-12-11 17:22:05 - usuario_model - INFO - Usuario creado: admin (Administrador Sistema)
2025-12-11 17:30:46 - usuario_model - INFO - Usuario creado: Rena (Renatha Becerril)
2025-12-11 17:44:34 - usuario_model - INFO - Usuario creado: admin (Administrador Sistema)
2025-12-11 17:45:27 - usuario_model - INFO - Usuario creado: admin (Administrador Sistema)
2025-12-11 17:45:35 - usuario_model - INFO - Usuario creado: Rena (Renatha Becerril)
2025-12-11 17:51:58 - usuario_model - INFO - Usuario creado: admin (Administrador Sistema)
2025-12-11 18:11:00 - usuario_model - INFO - Usuario creado: admin (Administrador Sistema)
2025-12-11 18:20:03 - usuario_model - INFO - Usuario creado: admin (Administrador Sistema)
2025-12-11 18:26:34 - usuario_model - INFO - Usuario creado: Rena (Renatha Becerril)
2025-12-11 20:09:20 - usuario_model - INFO - Usuario creado: Rena (Renatha Becerril)
2025-12-11 20:09:35 - usuario_model - INFO - Usuario creado: PPEREZ (pepe perez)
2025-12-11 20:09:35 - usuario_model - INFO - Usuario creado: Profesor (Said Perez)
2025-12-11 20:09:35 - usuario_model - INFO - Usuario creado: ByteOrtega (Jorge Paredes)
2025-12-11 20:09:35 - usuario_model - INFO - Usuario creado: Rena (Renatha Becerril)
2025-12-11 20:09:35 - usuario_model - INFO - Usuario creado: admin (Administrador Sistema)
2025-12-11 20:09:40 - usuario_model - INFO - Usuario creado: PPEREZ (pepe perez)
2025-12-11 20:09:40 - usuario_model - INFO - Usuario creado: Profesor (Said Perez)
2025-12-11 20:09:40 - usuario_model - INFO - Usuario creado: ByteOrtega (Jorge Paredes)
2025-12-11 20:09:40 - usuario_model - INFO - Usuario creado: Rena (Renatha Becerril)
2025-12-11 20:09:40 - usuario_model - INFO - Usuario creado: admin (Administrador Sistema)
2025-12-11 20:09:58 - usuario_model - INFO - Usuario creado: PPEREZ (pepe perez)
2025-12-11 20:09:58 - usuario_model - INFO - Usuario creado: Profesor (Said Perez)
2025-12-11 20:09:58 - usuario_model - INFO - Usuario creado: ByteOrtega (Jorge Paredes)
2025-12-11 20:09:58 - usuario_model - INFO - Usuario creado: Rena (Renatha Becerril)
2025-12-11 20:09:58 - usuario_model - INFO - Usuario creado: admin (Administrador Sistema)
2025-12-11 20:10:06 - usuario_model - INFO - Usuario creado: PPEREZ (pepe perez)
2025-12-11 20:10:06 - usuario_model - INFO - Usuario creado: Profesor (Said Perez)
2025-12-11 20:10:06 - usuario_model - INFO - Usuario creado: ByteOrtega (Jorge Paredes)
2025-12-11 20:10:06 - usuario_model - INFO - Usuario creado: Rena (Renatha Becerril)
2025-12-11 20:10:06 - usuario_model - INFO - Usuario creado: admin (Administrador Sistema)
2025-12-11 20:10:11 - usuario_model - INFO - Usuario creado: PPEREZ (pepe perez)
2025-12-11 20:10:11 - usuario_model - INFO - Usuario creado: Profesor (Said Perez)
2025-12-11 20:10:11 - usuario_model - INFO - Usuario creado: ByteOrtega (Jorge Paredes)
2025-12-11 20:10:11 - usuario_model - INFO - Usuario creado: Rena (Renatha Becerril)
2025-12-11 20:10:11 - usuario_model - INFO - Usuario creado: admin (Administrador Sistema)
2025-12-11 20:10:20 - usuario_model - INFO - Usuario creado: ByteOrtega (Jorge Paredes)
2025-12-11 20:10:30 - usuario_model - INFO - Usuario creado: Profesor (Said Perez)
2025-12-11 20:10:31 - usuario_model - INFO - Usuario creado: PPEREZ (pepe perez)
2025-12-11 20:10:31 - usuario_model - INFO - Usuario creado: ByteOrtega (Jorge Paredes)
2025-12-11 20:10:31 - usuario_model - INFO - Usuario creado: Rena (Renatha Becerril)
2025-12-11 20:10:31 - usuario_model - INFO - Usuario creado: admin (Administrador Sistema)
2025-12-11 20:10:35 - usuario_model - INFO - Usuario creado: PPEREZ (pepe perez)
2025-12-11 20:10:35 - usuario_model - INFO - Usuario creado: ByteOrtega (Jorge Paredes)
2025-12-11 20:10:35 - usuario_model - INFO - Usuario creado: Rena (Renatha Becerril)
2025-12-11 20:10:35 - usuario_model - INFO - Usuario creado: admin (Administrador Sistema)
2025-12-11 20:12:05 - usuario_model - INFO - Usuario creado: JorgeParedes (Jorge Paredes)
2025-12-11 20:12:05 - usuario_model - INFO - Usuario creado: ByteOrtega (Jorge Paredes)
2025-12-11 20:12:05 - usuario_model - INFO - Usuario creado: Rena (Renatha Becerril)
2025-12-11 20:12:05 - usuario_model - INFO - Usuario creado: admin (Administrador Sistema)
2025-12-11 20:12:17 - usuario_model - INFO - Usuario creado: JorgeParedes (Jorge Paredes)
